*** EVALUATION ***
PROGRAM "C:\Users\tmayosmi\Documents\18348\lab11\bin\Project.abs"

*********************************************************************************************
TARGET SECTION
---------------------------------------------------------------------------------------------
Processor   : Freescale HC12
Memory Model: SMALL
File Format : ELF\DWARF 2.0
Linker      : SmartLinker V-5.0.40 Build 10203, Jul 23 2010

*********************************************************************************************
FILE SECTION
---------------------------------------------------------------------------------------------
MC9S12GC128.c.o                         Model: SMALL,         Lang: ANSI-C
Start12.c.o                             Model: SMALL,         Lang: ANSI-C
PRINTF.C.o (ansisi.lib)                 Model: SMALL,         Lang: ANSI-C
rtshc12.c.o (ansisi.lib)                Model: SMALL,         Lang: ANSI-C
lcd_lib.c.o                             Model: SMALL,         Lang: ANSI-C
modclock.c.o                            Model: SMALL,         Lang: ANSI-C
main0.c.o                               Model: SMALL,         Lang: ANSI-C

*********************************************************************************************
STARTUP SECTION
---------------------------------------------------------------------------------------------
Entry point: 0xC029 (_Startup)
_startupData is allocated at 0xC031 and uses 6 Bytes
extern struct _tagStartup {
  unsigned nofZeroOut     1
  _Range   pZeroOut       0x500     1703
  _Copy    *toCopyDownBeg 0xCFA9
} _startupData;

*********************************************************************************************
SECTION-ALLOCATION SECTION
Section Name                    Size  Type     From       To       Segment
---------------------------------------------------------------------------------------------
.init                             49     R     0xC000     0xC030   ROM_C000
.startData                        10     R     0xC031     0xC03A   ROM_C000
.rodata                          116     R     0xC03B     0xC0AE   ROM_C000
.rodata1                          45     R     0xC0AF     0xC0DB   ROM_C000
.text                           3436     R     0xC0DC     0xCE47   ROM_C000
.copy                              7     R     0xCFA9     0xCFAF   ROM_C000
.stack                           256   R/W      0x400      0x4FF   RAM
.data                              1   R/W      0x500      0x500   RAM
.abs_section_8                     1   N/I        0x8        0x8   .absSeg0
.abs_section_9                     1   N/I        0x9        0x9   .absSeg1
.abs_section_a                     1   N/I        0xA        0xA   .absSeg2
.abs_section_b                     1   N/I        0xB        0xB   .absSeg3
.abs_section_c                     1   N/I        0xC        0xC   .absSeg4
.abs_section_d                     1   N/I        0xD        0xD   .absSeg5
.abs_section_e                     1   N/I        0xE        0xE   .absSeg6
.abs_section_10                    1   N/I       0x10       0x10   .absSeg7
.abs_section_11                    1   N/I       0x11       0x11   .absSeg8
.abs_section_13                    1   N/I       0x13       0x13   .absSeg9
.abs_section_15                    1   N/I       0x15       0x15   .absSeg10
.abs_section_16                    1   N/I       0x16       0x16   .absSeg11
.abs_section_19                    1   N/I       0x19       0x19   .absSeg12
.abs_section_1c                    1   N/I       0x1C       0x1C   .absSeg13
.abs_section_1d                    1   N/I       0x1D       0x1D   .absSeg14
.abs_section_1e                    1   N/I       0x1E       0x1E   .absSeg15
.abs_section_1f                    1   N/I       0x1F       0x1F   .absSeg16
.abs_section_20                    1   N/I       0x20       0x20   .absSeg17
.abs_section_21                    1   N/I       0x21       0x21   .absSeg18
.abs_section_24                    1   N/I       0x24       0x24   .absSeg19
.abs_section_25                    1   N/I       0x25       0x25   .absSeg20
.abs_section_28                    1   N/I       0x28       0x28   .absSeg21
.abs_section_29                    1   N/I       0x29       0x29   .absSeg22
.abs_section_2a                    1   N/I       0x2A       0x2A   .absSeg23
.abs_section_2d                    1   N/I       0x2D       0x2D   .absSeg24
.abs_section_30                    1   N/I       0x30       0x30   .absSeg25
.abs_section_34                    1   N/I       0x34       0x34   .absSeg26
.abs_section_35                    1   N/I       0x35       0x35   .absSeg27
.abs_section_37                    1   N/I       0x37       0x37   .absSeg28
.abs_section_38                    1   N/I       0x38       0x38   .absSeg29
.abs_section_39                    1   N/I       0x39       0x39   .absSeg30
.abs_section_3a                    1   N/I       0x3A       0x3A   .absSeg31
.abs_section_3b                    1   N/I       0x3B       0x3B   .absSeg32
.abs_section_3c                    1   N/I       0x3C       0x3C   .absSeg33
.abs_section_3f                    1   N/I       0x3F       0x3F   .absSeg34
.abs_section_40                    1   N/I       0x40       0x40   .absSeg35
.abs_section_41                    1   N/I       0x41       0x41   .absSeg36
.abs_section_42                    1   N/I       0x42       0x42   .absSeg37
.abs_section_43                    1   N/I       0x43       0x43   .absSeg38
.abs_section_46                    1   N/I       0x46       0x46   .absSeg39
.abs_section_47                    1   N/I       0x47       0x47   .absSeg40
.abs_section_48                    1   N/I       0x48       0x48   .absSeg41
.abs_section_49                    1   N/I       0x49       0x49   .absSeg42
.abs_section_4a                    1   N/I       0x4A       0x4A   .absSeg43
.abs_section_4b                    1   N/I       0x4B       0x4B   .absSeg44
.abs_section_4c                    1   N/I       0x4C       0x4C   .absSeg45
.abs_section_4d                    1   N/I       0x4D       0x4D   .absSeg46
.abs_section_4e                    1   N/I       0x4E       0x4E   .absSeg47
.abs_section_4f                    1   N/I       0x4F       0x4F   .absSeg48
.abs_section_60                    1   N/I       0x60       0x60   .absSeg49
.abs_section_61                    1   N/I       0x61       0x61   .absSeg50
.abs_section_86                    1   N/I       0x86       0x86   .absSeg51
.abs_section_89                    1   N/I       0x89       0x89   .absSeg52
.abs_section_8b                    1   N/I       0x8B       0x8B   .absSeg53
.abs_section_8d                    1   N/I       0x8D       0x8D   .absSeg54
.abs_section_8f                    1   N/I       0x8F       0x8F   .absSeg55
.abs_section_ca                    1   N/I       0xCA       0xCA   .absSeg56
.abs_section_cb                    1   N/I       0xCB       0xCB   .absSeg57
.abs_section_cc                    1   N/I       0xCC       0xCC   .absSeg58
.abs_section_cd                    1   N/I       0xCD       0xCD   .absSeg59
.abs_section_ce                    1   N/I       0xCE       0xCE   .absSeg60
.abs_section_cf                    1   N/I       0xCF       0xCF   .absSeg61
.abs_section_d8                    1   N/I       0xD8       0xD8   .absSeg62
.abs_section_d9                    1   N/I       0xD9       0xD9   .absSeg63
.abs_section_da                    1   N/I       0xDA       0xDA   .absSeg64
.abs_section_db                    1   N/I       0xDB       0xDB   .absSeg65
.abs_section_dd                    1   N/I       0xDD       0xDD   .absSeg66
.abs_section_e0                    1   N/I       0xE0       0xE0   .absSeg67
.abs_section_e1                    1   N/I       0xE1       0xE1   .absSeg68
.abs_section_e2                    1   N/I       0xE2       0xE2   .absSeg69
.abs_section_e3                    1   N/I       0xE3       0xE3   .absSeg70
.abs_section_e4                    1   N/I       0xE4       0xE4   .absSeg71
.abs_section_e5                    1   N/I       0xE5       0xE5   .absSeg72
.abs_section_e8                    1   N/I       0xE8       0xE8   .absSeg73
.abs_section_e9                    1   N/I       0xE9       0xE9   .absSeg74
.abs_section_fe                    1   N/I       0xFE       0xFE   .absSeg75
.abs_section_100                   1   N/I      0x100      0x100   .absSeg76
.abs_section_101                   1   N/I      0x101      0x101   .absSeg77
.abs_section_103                   1   N/I      0x103      0x103   .absSeg78
.abs_section_104                   1   N/I      0x104      0x104   .absSeg79
.abs_section_105                   1   N/I      0x105      0x105   .absSeg80
.abs_section_106                   1   N/I      0x106      0x106   .absSeg81
.abs_section_240                   1   N/I      0x240      0x240   .absSeg82
.abs_section_241                   1   N/I      0x241      0x241   .absSeg83
.abs_section_242                   1   N/I      0x242      0x242   .absSeg84
.abs_section_243                   1   N/I      0x243      0x243   .absSeg85
.abs_section_244                   1   N/I      0x244      0x244   .absSeg86
.abs_section_245                   1   N/I      0x245      0x245   .absSeg87
.abs_section_247                   1   N/I      0x247      0x247   .absSeg88
.abs_section_248                   1   N/I      0x248      0x248   .absSeg89
.abs_section_249                   1   N/I      0x249      0x249   .absSeg90
.abs_section_24a                   1   N/I      0x24A      0x24A   .absSeg91
.abs_section_24b                   1   N/I      0x24B      0x24B   .absSeg92
.abs_section_24c                   1   N/I      0x24C      0x24C   .absSeg93
.abs_section_24d                   1   N/I      0x24D      0x24D   .absSeg94
.abs_section_24e                   1   N/I      0x24E      0x24E   .absSeg95
.abs_section_250                   1   N/I      0x250      0x250   .absSeg96
.abs_section_251                   1   N/I      0x251      0x251   .absSeg97
.abs_section_252                   1   N/I      0x252      0x252   .absSeg98
.abs_section_253                   1   N/I      0x253      0x253   .absSeg99
.abs_section_254                   1   N/I      0x254      0x254   .absSeg100
.abs_section_255                   1   N/I      0x255      0x255   .absSeg101
.abs_section_256                   1   N/I      0x256      0x256   .absSeg102
.abs_section_258                   1   N/I      0x258      0x258   .absSeg103
.abs_section_259                   1   N/I      0x259      0x259   .absSeg104
.abs_section_25a                   1   N/I      0x25A      0x25A   .absSeg105
.abs_section_25b                   1   N/I      0x25B      0x25B   .absSeg106
.abs_section_25c                   1   N/I      0x25C      0x25C   .absSeg107
.abs_section_25d                   1   N/I      0x25D      0x25D   .absSeg108
.abs_section_25e                   1   N/I      0x25E      0x25E   .absSeg109
.abs_section_25f                   1   N/I      0x25F      0x25F   .absSeg110
.abs_section_268                   1   N/I      0x268      0x268   .absSeg111
.abs_section_269                   1   N/I      0x269      0x269   .absSeg112
.abs_section_26a                   1   N/I      0x26A      0x26A   .absSeg113
.abs_section_26b                   1   N/I      0x26B      0x26B   .absSeg114
.abs_section_26c                   1   N/I      0x26C      0x26C   .absSeg115
.abs_section_26d                   1   N/I      0x26D      0x26D   .absSeg116
.abs_section_26e                   1   N/I      0x26E      0x26E   .absSeg117
.abs_section_26f                   1   N/I      0x26F      0x26F   .absSeg118
.abs_section_270                   1   N/I      0x270      0x270   .absSeg119
.abs_section_271                   1   N/I      0x271      0x271   .absSeg120
.abs_section_272                   1   N/I      0x272      0x272   .absSeg121
.abs_section_273                   1   N/I      0x273      0x273   .absSeg122
.abs_section_274                   1   N/I      0x274      0x274   .absSeg123
.abs_section_275                   1   N/I      0x275      0x275   .absSeg124
.abs_section_0                     2   N/I        0x0        0x1   .absSeg125
.abs_section_2                     2   N/I        0x2        0x3   .absSeg126
.abs_section_1a                    2   N/I       0x1A       0x1B   .absSeg127
.abs_section_22                    2   N/I       0x22       0x23   .absSeg128
.abs_section_26                    2   N/I       0x26       0x27   .absSeg129
.abs_section_2b                    2   N/I       0x2B       0x2C   .absSeg130
.abs_section_2e                    2   N/I       0x2E       0x2F   .absSeg131
.abs_section_44                    2   N/I       0x44       0x45   .absSeg132
.abs_section_50                    2   N/I       0x50       0x51   .absSeg133
.abs_section_52                    2   N/I       0x52       0x53   .absSeg134
.abs_section_54                    2   N/I       0x54       0x55   .absSeg135
.abs_section_56                    2   N/I       0x56       0x57   .absSeg136
.abs_section_58                    2   N/I       0x58       0x59   .absSeg137
.abs_section_5a                    2   N/I       0x5A       0x5B   .absSeg138
.abs_section_5c                    2   N/I       0x5C       0x5D   .absSeg139
.abs_section_5e                    2   N/I       0x5E       0x5F   .absSeg140
.abs_section_62                    2   N/I       0x62       0x63   .absSeg141
.abs_section_82                    2   N/I       0x82       0x83   .absSeg142
.abs_section_84                    2   N/I       0x84       0x85   .absSeg143
.abs_section_90                    2   N/I       0x90       0x91   .absSeg144
.abs_section_92                    2   N/I       0x92       0x93   .absSeg145
.abs_section_94                    2   N/I       0x94       0x95   .absSeg146
.abs_section_96                    2   N/I       0x96       0x97   .absSeg147
.abs_section_98                    2   N/I       0x98       0x99   .absSeg148
.abs_section_9a                    2   N/I       0x9A       0x9B   .absSeg149
.abs_section_9c                    2   N/I       0x9C       0x9D   .absSeg150
.abs_section_9e                    2   N/I       0x9E       0x9F   .absSeg151
.abs_section_c8                    2   N/I       0xC8       0xC9   .absSeg152
.abs_section_ec                    2   N/I       0xEC       0xED   .absSeg153
.abs_section_ee                    2   N/I       0xEE       0xEF   .absSeg154
.abs_section_f0                    2   N/I       0xF0       0xF1   .absSeg155
.abs_section_f2                    2   N/I       0xF2       0xF3   .absSeg156
.abs_section_f4                    2   N/I       0xF4       0xF5   .absSeg157
.abs_section_f6                    2   N/I       0xF6       0xF7   .absSeg158
.abs_section_f8                    2   N/I       0xF8       0xF9   .absSeg159
.abs_section_fa                    2   N/I       0xFA       0xFB   .absSeg160
.abs_section_fc                    2   N/I       0xFC       0xFD   .absSeg161
.abs_section_ffd2                  2     R     0xFFD2     0xFFD3   .absSeg162
.abs_section_ffde                  2     R     0xFFDE     0xFFDF   .absSeg163
.bss                              14   R/W      0x501      0x50E   RAM
RUNTIME                          353     R     0xCE48     0xCFA8   ROM_C000
.common                         1688   R/W      0x50F      0xBA6   RAM
.vectSeg164_vect                   2     R     0xFFFE     0xFFFF   .vectSeg164

Summary of section sizes per section type:
READ_ONLY (R):         FB6 (dec:     4022)
READ_WRITE (R/W):      7A7 (dec:     1959)
NO_INIT (N/I):          C7 (dec:      199)

*********************************************************************************************
VECTOR-ALLOCATION SECTION
    Address     InitValue   InitFunction
---------------------------------------------------------------------------------------------
     0xFFFE        0xC029   _Startup

*********************************************************************************************
OBJECT-ALLOCATION SECTION
     Name               Module                 Addr   hSize   dSize     Ref    Section   RLIB
---------------------------------------------------------------------------------------------
MODULE:                 -- MC9S12GC128.c.o --
- PROCEDURES:
- VARIABLES:
     _PORTE                                       8       1       1       0   .abs_section_8
     _DDRE                                        9       1       1       0   .abs_section_9
     _PEAR                                        A       1       1       0   .abs_section_a
     _MODE                                        B       1       1       0   .abs_section_b
     _PUCR                                        C       1       1       0   .abs_section_c
     _RDRIV                                       D       1       1       0   .abs_section_d
     _EBICTL                                      E       1       1       0   .abs_section_e
     _INITRM                                     10       1       1       0   .abs_section_10
     _INITRG                                     11       1       1       0   .abs_section_11
     _MISC                                       13       1       1       0   .abs_section_13
     _ITCR                                       15       1       1       0   .abs_section_15
     _ITEST                                      16       1       1       0   .abs_section_16
     _VREGCTRL                                   19       1       1       0   .abs_section_19
     _MEMSIZ0                                    1C       1       1       0   .abs_section_1c
     _MEMSIZ1                                    1D       1       1       0   .abs_section_1d
     _INTCR                                      1E       1       1       0   .abs_section_1e
     _HPRIO                                      1F       1       1       0   .abs_section_1f
     _DBGC1                                      20       1       1       0   .abs_section_20
     _DBGSC                                      21       1       1       0   .abs_section_21
     _DBGCNT                                     24       1       1       0   .abs_section_24
     _DBGCCX                                     25       1       1       0   .abs_section_25
     _DBGC2                                      28       1       1       0   .abs_section_28
     _DBGC3                                      29       1       1       0   .abs_section_29
     _DBGCAX                                     2A       1       1       0   .abs_section_2a
     _DBGCBX                                     2D       1       1       0   .abs_section_2d
     _PPAGE                                      30       1       1       0   .abs_section_30
     _SYNR                                       34       1       1       1   .abs_section_34
     _REFDV                                      35       1       1       1   .abs_section_35
     _CRGFLG                                     37       1       1       0   .abs_section_37
     _CRGINT                                     38       1       1       0   .abs_section_38
     _CLKSEL                                     39       1       1       1   .abs_section_39
     _PLLCTL                                     3A       1       1       1   .abs_section_3a
     _RTICTL                                     3B       1       1       0   .abs_section_3b
     _COPCTL                                     3C       1       1       1   .abs_section_3c
     _ARMCOP                                     3F       1       1       2   .abs_section_3f
     _TIOS                                       40       1       1       0   .abs_section_40
     _CFORC                                      41       1       1       0   .abs_section_41
     _OC7M                                       42       1       1       0   .abs_section_42
     _OC7D                                       43       1       1       0   .abs_section_43
     _TSCR1                                      46       1       1       1   .abs_section_46
     _TTOV                                       47       1       1       0   .abs_section_47
     _TCTL1                                      48       1       1       0   .abs_section_48
     _TCTL2                                      49       1       1       0   .abs_section_49
     _TCTL3                                      4A       1       1       0   .abs_section_4a
     _TCTL4                                      4B       1       1       0   .abs_section_4b
     _TIE                                        4C       1       1       0   .abs_section_4c
     _TSCR2                                      4D       1       1       5   .abs_section_4d
     _TFLG1                                      4E       1       1       0   .abs_section_4e
     _TFLG2                                      4F       1       1       1   .abs_section_4f
     _PACTL                                      60       1       1       0   .abs_section_60
     _PAFLG                                      61       1       1       0   .abs_section_61
     _ATDSTAT0                                   86       1       1       2   .abs_section_86
     _ATDTEST1                                   89       1       1       0   .abs_section_89
     _ATDSTAT1                                   8B       1       1       0   .abs_section_8b
     _ATDDIEN                                    8D       1       1       1   .abs_section_8d
     _PORTAD0                                    8F       1       1       0   .abs_section_8f
     _SCICR1                                     CA       1       1       1   .abs_section_ca
     _SCICR2                                     CB       1       1       2   .abs_section_cb
     _SCISR1                                     CC       1       1       1   .abs_section_cc
     _SCISR2                                     CD       1       1       0   .abs_section_cd
     _SCIDRH                                     CE       1       1       0   .abs_section_ce
     _SCIDRL                                     CF       1       1       1   .abs_section_cf
     _SPICR1                                     D8       1       1       1   .abs_section_d8
     _SPICR2                                     D9       1       1       1   .abs_section_d9
     _SPIBR                                      DA       1       1       1   .abs_section_da
     _SPISR                                      DB       1       1       1   .abs_section_db
     _SPIDR                                      DD       1       1       1   .abs_section_dd
     _PWME                                       E0       1       1       1   .abs_section_e0
     _PWMPOL                                     E1       1       1       0   .abs_section_e1
     _PWMCLK                                     E2       1       1       0   .abs_section_e2
     _PWMPRCLK                                   E3       1       1       1   .abs_section_e3
     _PWMCAE                                     E4       1       1       1   .abs_section_e4
     _PWMCTL                                     E5       1       1       1   .abs_section_e5
     _PWMSCLA                                    E8       1       1       0   .abs_section_e8
     _PWMSCLB                                    E9       1       1       0   .abs_section_e9
     _PWMSDN                                     FE       1       1       0   .abs_section_fe
     _FCLKDIV                                   100       1       1       0   .abs_section_100
     _FSEC                                      101       1       1       0   .abs_section_101
     _FCNFG                                     103       1       1       0   .abs_section_103
     _FPROT                                     104       1       1       0   .abs_section_104
     _FSTAT                                     105       1       1       0   .abs_section_105
     _FCMD                                      106       1       1       0   .abs_section_106
     _PTT                                       240       1       1       3   .abs_section_240
     _PTIT                                      241       1       1       0   .abs_section_241
     _DDRT                                      242       1       1       1   .abs_section_242
     _RDRT                                      243       1       1       1   .abs_section_243
     _PERT                                      244       1       1       0   .abs_section_244
     _PPST                                      245       1       1       0   .abs_section_245
     _MODRR                                     247       1       1       1   .abs_section_247
     _PTS                                       248       1       1       0   .abs_section_248
     _PTIS                                      249       1       1       0   .abs_section_249
     _DDRS                                      24A       1       1       0   .abs_section_24a
     _RDRS                                      24B       1       1       0   .abs_section_24b
     _PERS                                      24C       1       1       0   .abs_section_24c
     _PPSS                                      24D       1       1       0   .abs_section_24d
     _WOMS                                      24E       1       1       0   .abs_section_24e
     _PTM                                       250       1       1       0   .abs_section_250
     _PTIM                                      251       1       1       0   .abs_section_251
     _DDRM                                      252       1       1       0   .abs_section_252
     _RDRM                                      253       1       1       0   .abs_section_253
     _PERM                                      254       1       1       0   .abs_section_254
     _PPSM                                      255       1       1       0   .abs_section_255
     _WOMM                                      256       1       1       0   .abs_section_256
     _PTP                                       258       1       1       1   .abs_section_258
     _PTIP                                      259       1       1       0   .abs_section_259
     _DDRP                                      25A       1       1       1   .abs_section_25a
     _RDRP                                      25B       1       1       0   .abs_section_25b
     _PERP                                      25C       1       1       0   .abs_section_25c
     _PPSP                                      25D       1       1       0   .abs_section_25d
     _PIEP                                      25E       1       1       0   .abs_section_25e
     _PIFP                                      25F       1       1       0   .abs_section_25f
     _PTJ                                       268       1       1       0   .abs_section_268
     _PTIJ                                      269       1       1       0   .abs_section_269
     _DDRJ                                      26A       1       1       0   .abs_section_26a
     _RDRJ                                      26B       1       1       0   .abs_section_26b
     _PERJ                                      26C       1       1       0   .abs_section_26c
     _PPSJ                                      26D       1       1       0   .abs_section_26d
     _PIEJ                                      26E       1       1       0   .abs_section_26e
     _PIFJ                                      26F       1       1       0   .abs_section_26f
     _PTAD                                      270       1       1       0   .abs_section_270
     _PTIAD                                     271       1       1       0   .abs_section_271
     _DDRAD                                     272       1       1       1   .abs_section_272
     _RDRAD                                     273       1       1       0   .abs_section_273
     _PERAD                                     274       1       1       0   .abs_section_274
     _PPSAD                                     275       1       1       0   .abs_section_275
     _PORTAB                                      0       2       2       6   .abs_section_0
     _DDRAB                                       2       2       2       1   .abs_section_2
     _PARTID                                     1A       2       2       0   .abs_section_1a
     _DBGTB                                      22       2       2       0   .abs_section_22
     _DBGCC                                      26       2       2       0   .abs_section_26
     _DBGCA                                      2B       2       2       0   .abs_section_2b
     _DBGCB                                      2E       2       2       0   .abs_section_2e
     _TCNT                                       44       2       2       0   .abs_section_44
     _TC0                                        50       2       2       0   .abs_section_50
     _TC1                                        52       2       2       0   .abs_section_52
     _TC2                                        54       2       2       0   .abs_section_54
     _TC3                                        56       2       2       0   .abs_section_56
     _TC4                                        58       2       2       0   .abs_section_58
     _TC5                                        5A       2       2       0   .abs_section_5a
     _TC6                                        5C       2       2       0   .abs_section_5c
     _TC7                                        5E       2       2       0   .abs_section_5e
     _PACNT                                      62       2       2       0   .abs_section_62
     _ATDCTL23                                   82       2       2       4   .abs_section_82
     _ATDCTL45                                   84       2       2       3   .abs_section_84
     _ATDDR0                                     90       2       2       1   .abs_section_90
     _ATDDR1                                     92       2       2       0   .abs_section_92
     _ATDDR2                                     94       2       2       0   .abs_section_94
     _ATDDR3                                     96       2       2       0   .abs_section_96
     _ATDDR4                                     98       2       2       0   .abs_section_98
     _ATDDR5                                     9A       2       2       0   .abs_section_9a
     _ATDDR6                                     9C       2       2       0   .abs_section_9c
     _ATDDR7                                     9E       2       2       0   .abs_section_9e
     _SCIBD                                      C8       2       2       6   .abs_section_c8
     _PWMCNT01                                   EC       2       2       0   .abs_section_ec
     _PWMCNT23                                   EE       2       2       0   .abs_section_ee
     _PWMCNT45                                   F0       2       2       0   .abs_section_f0
     _PWMPER01                                   F2       2       2       1   .abs_section_f2
     _PWMPER23                                   F4       2       2       0   .abs_section_f4
     _PWMPER45                                   F6       2       2       0   .abs_section_f6
     _PWMDTY01                                   F8       2       2       2   .abs_section_f8
     _PWMDTY23                                   FA       2       2       0   .abs_section_fa
     _PWMDTY45                                   FC       2       2       0   .abs_section_fc
MODULE:                 -- Start12.c.o --
- PROCEDURES:
     Init                                      C000      29      41       1   .init       
     _Startup                                  C029       8       8       0   .init       
- VARIABLES:
     _startupData                              C031       6       6       3   .startData  
- LABELS:
     __SEG_END_SSTACK                           500       0       0       1               
MODULE:                 -- PRINTF.C.o (ansisi.lib) --
- PROCEDURES:
     vprintf                                   C0DC     478    1144      49   .text       
     _out                                      C554       C      12       9   .text       
     deposit_char                              C560       F      15       1   .text       
     sprintf                                   C56F      29      41       6   .text       
- VARIABLES:
     pow10                                     C03B      28      40       4   .rodata     
     pow16                                     C063      20      32       4   .rodata     
     pow8                                      C083      2C      44       4   .rodata     
     pbuf                                       501       6       6      15   .bss        
MODULE:                 -- rtshc12.c.o (ansisi.lib) --
- PROCEDURES:
     _ISHRS                                    CE48       C      12       1   RUNTIME     
     _LSHL                                     CE54      11      17       1   RUNTIME     
     _LCMP_P                                   CE65      15      21       4   RUNTIME     
     _LNEG                                     CE7A       D      13       1   RUNTIME     
     _LINC                                     CE87       5       5       1   RUNTIME     
     _lDivMod                                  CE8C      BE     190       1   RUNTIME     
     _LDIVU                                    CF4A       E      14       1   RUNTIME     
     _ILSEXT                                   CF58       7       7       3   RUNTIME     
     _CASE_DIRECT_BYTE                         CF5F       5       5       1   RUNTIME     
     _CASE_CHECKED_BYTE                        CF64      14      20       1   RUNTIME     
     _CASE_SEARCH_8                            CF78      17      23       1   RUNTIME     
     _CASE_SEARCH_8_BYTE                       CF8F      1A      26       1   RUNTIME     
- VARIABLES:
MODULE:                 -- lcd_lib.c.o --
- PROCEDURES:
     lcdWriteLine                              C598      42      66       2   .text       
     lcdSetup                                  C5DA      4B      75       1   .text       
     lcdSetDataAddr                            C625       D      13       1   .text       
     lcdWriteData                              C632      4F      79       1   .text       
     lcdCommand                                C681      45      69       3   .text       
     lcdNibbleWrite                            C6C6      27      39       3   .text       
     spiWrite                                  C6ED       9       9       6   .text       
     spiSetup                                  C6F6       C      12       1   .text       
     sleepMS                                   C702      31      49       3   .text       
     sleepMSTenth                              C733      23      35       8   .text       
- VARIABLES:
MODULE:                 -- modclock.c.o --
- PROCEDURES:
     clockSetup                                C756      20      32       1   .text       
- VARIABLES:
MODULE:                 -- main0.c.o --
- PROCEDURES:
     Task0                                     C776      71     113       1   .text       
     Task1                                     C7E7      5E      94       1   .text       
     Task2                                     C845      76     118       1   .text       
     Task3                                     C8BB       6       6       1   .text       
     Task4                                     C8C1     153     339       8   .text       
     Taskw                                     CA14      11      17       1   .text       
     Alive                                     CA25      10      16       3   .text       
     kick                                      CA35       8       8       3   .text       
     clearStrBuff                              CA3D      1B      27       1   .text       
     InitPCB                                   CA58      95     149       1   .text       
     TimeNow                                   CAED      17      23       3   .text       
     main                                      CB04      89     137       1   .text       
     ATDInterrupt                              CB8D      37      55       1   .text       
     TimerHandler                              CBC4     10C     268       2   .text       
     AddrHi                                    CCD0       5       5       2   .text       
     AddrLo                                    CCD5       5       5       2   .text       
     TaskTerminate                             CCDA       E      14       2   .text       
     CreateLaunchStack                         CCE8      AB     171       2   .text       
     serialSetup                               CD93      50      80       1   .text       
     doSerialComm                              CDE3      65     101       1   .text       
- VARIABLES:
     STRING.Time.Out.1                         C0AF       9       9       1   .rodata1    
     STRING.T..d.2                             C0B8       5       5       1   .rodata1    
     STRING.SP.0x.01X.3                        C0BD       A      10       1   .rodata1    
     STRING.PWM.0x.01X.4                       C0C7       B      11       1   .rodata1    
     STRING.S..d.5                             C0D2       5       5       1   .rodata1    
     STRING.S..d.6                             C0D7       5       5       1   .rodata1    
     CurrentTask                                500       1       1       6   .data       
     bonus                                      507       1       1       3   .bss        
     SPtemp.7                                   508       2       2       2   .bss        
     SPtemp.8                                   50A       2       2       6   .bss        
     i.9                                        50C       1       1       3   .bss        
     StackIdx.10                                50D       2       2      11   .bss        
     _Vector_22                                FFD2       2       2       0   .abs_section_ffd2
     _Vector_16                                FFDE       2       2       0   .abs_section_ffde
     PCB                                        50F      54      84      83   .common     
     STACK                                      563     600    1536       7   .common     
     TimeInMsec                                 B63       4       4      15   .common     
     CurrentTime                                B67       4       4       8   .common     
     watch_flag                                 B6B       2       2       4   .common     
     speed                                      B6D       1       1       3   .common     
     timeOut                                    B6E       1       1       4   .common     
     started                                    B6F       1       1       3   .common     
     scrollPeriod                               B70       2       2       4   .common     
     data                                       B72       4       4      21   .common     
     shiftCounter                               B76       2       2       5   .common     
     dataCOPY                                   B78       4       4       4   .common     
     score                                      B7C       2       2       7   .common     
     gameStartTime                              B7E       4       4       5   .common     
     timeIntervalNotUp                          B82       1       1       3   .common     
     bonusBitCounter                            B83       1       1       4   .common     
     timeBuff                                   B84      11      17       3   .common     
     strBuff                                    B95      11      17       6   .common     
     buttonVal                                  BA6       1       1       3   .common     

*********************************************************************************************
MODULE STATISTIC
  Name                                      Data   Code  Const
---------------------------------------------------------------------------------------------
  MC9S12GC128.c.o                            199      0      0
  Start12.c.o                                  0     49      0
  PRINTF.C.o (ansisi.lib)                      6   1212    116
  rtshc12.c.o (ansisi.lib)                     0    353      0
  lcd_lib.c.o                                  0    446      0
  modclock.c.o                                 0     32      0
  main0.c.o                                 1697   1746     49
  other                                      256     12      7

*********************************************************************************************
SECTION USE IN OBJECT-ALLOCATION SECTION
---------------------------------------------------------------------------------------------
SECTION: ".text"
  vprintf _out deposit_char sprintf lcdWriteLine lcdSetup lcdSetDataAddr 
  lcdWriteData lcdCommand lcdNibbleWrite spiWrite spiSetup sleepMS sleepMSTenth 
  clockSetup Task0 Task1 Task2 Task3 Task4 Taskw Alive kick clearStrBuff 
  InitPCB TimeNow main ATDInterrupt TimerHandler AddrHi AddrLo TaskTerminate 
  CreateLaunchStack serialSetup doSerialComm 
SECTION: ".data"
  CurrentTask 
SECTION: ".bss"
  pbuf bonus SPtemp.7 SPtemp.8 i.9 StackIdx.10 
SECTION: ".init"
  Init _Startup 
SECTION: ".rodata"
  pow10 pow16 pow8 
SECTION: ".rodata1"
  STRING.Time.Out.1 STRING.T..d.2 STRING.SP.0x.01X.3 STRING.PWM.0x.01X.4 
  STRING.S..d.5 STRING.S..d.6 
SECTION: ".abs_section_8"
  _PORTE 
SECTION: ".abs_section_9"
  _DDRE 
SECTION: ".abs_section_a"
  _PEAR 
SECTION: ".abs_section_b"
  _MODE 
SECTION: ".abs_section_c"
  _PUCR 
SECTION: ".abs_section_d"
  _RDRIV 
SECTION: ".abs_section_e"
  _EBICTL 
SECTION: ".abs_section_10"
  _INITRM 
SECTION: ".abs_section_11"
  _INITRG 
SECTION: ".abs_section_13"
  _MISC 
SECTION: ".abs_section_15"
  _ITCR 
SECTION: ".abs_section_16"
  _ITEST 
SECTION: ".abs_section_19"
  _VREGCTRL 
SECTION: ".abs_section_1c"
  _MEMSIZ0 
SECTION: ".abs_section_1d"
  _MEMSIZ1 
SECTION: ".abs_section_1e"
  _INTCR 
SECTION: ".abs_section_1f"
  _HPRIO 
SECTION: ".abs_section_20"
  _DBGC1 
SECTION: ".abs_section_21"
  _DBGSC 
SECTION: ".abs_section_24"
  _DBGCNT 
SECTION: ".abs_section_25"
  _DBGCCX 
SECTION: ".abs_section_28"
  _DBGC2 
SECTION: ".abs_section_29"
  _DBGC3 
SECTION: ".abs_section_2a"
  _DBGCAX 
SECTION: ".abs_section_2d"
  _DBGCBX 
SECTION: ".abs_section_30"
  _PPAGE 
SECTION: ".abs_section_34"
  _SYNR 
SECTION: ".abs_section_35"
  _REFDV 
SECTION: ".abs_section_37"
  _CRGFLG 
SECTION: ".abs_section_38"
  _CRGINT 
SECTION: ".abs_section_39"
  _CLKSEL 
SECTION: ".abs_section_3a"
  _PLLCTL 
SECTION: ".abs_section_3b"
  _RTICTL 
SECTION: ".abs_section_3c"
  _COPCTL 
SECTION: ".abs_section_3f"
  _ARMCOP 
SECTION: ".abs_section_40"
  _TIOS 
SECTION: ".abs_section_41"
  _CFORC 
SECTION: ".abs_section_42"
  _OC7M 
SECTION: ".abs_section_43"
  _OC7D 
SECTION: ".abs_section_46"
  _TSCR1 
SECTION: ".abs_section_47"
  _TTOV 
SECTION: ".abs_section_48"
  _TCTL1 
SECTION: ".abs_section_49"
  _TCTL2 
SECTION: ".abs_section_4a"
  _TCTL3 
SECTION: ".abs_section_4b"
  _TCTL4 
SECTION: ".abs_section_4c"
  _TIE 
SECTION: ".abs_section_4d"
  _TSCR2 
SECTION: ".abs_section_4e"
  _TFLG1 
SECTION: ".abs_section_4f"
  _TFLG2 
SECTION: ".abs_section_60"
  _PACTL 
SECTION: ".abs_section_61"
  _PAFLG 
SECTION: ".abs_section_86"
  _ATDSTAT0 
SECTION: ".abs_section_89"
  _ATDTEST1 
SECTION: ".abs_section_8b"
  _ATDSTAT1 
SECTION: ".abs_section_8d"
  _ATDDIEN 
SECTION: ".abs_section_8f"
  _PORTAD0 
SECTION: ".abs_section_ca"
  _SCICR1 
SECTION: ".abs_section_cb"
  _SCICR2 
SECTION: ".abs_section_cc"
  _SCISR1 
SECTION: ".abs_section_cd"
  _SCISR2 
SECTION: ".abs_section_ce"
  _SCIDRH 
SECTION: ".abs_section_cf"
  _SCIDRL 
SECTION: ".abs_section_d8"
  _SPICR1 
SECTION: ".abs_section_d9"
  _SPICR2 
SECTION: ".abs_section_da"
  _SPIBR 
SECTION: ".abs_section_db"
  _SPISR 
SECTION: ".abs_section_dd"
  _SPIDR 
SECTION: ".abs_section_e0"
  _PWME 
SECTION: ".abs_section_e1"
  _PWMPOL 
SECTION: ".abs_section_e2"
  _PWMCLK 
SECTION: ".abs_section_e3"
  _PWMPRCLK 
SECTION: ".abs_section_e4"
  _PWMCAE 
SECTION: ".abs_section_e5"
  _PWMCTL 
SECTION: ".abs_section_e8"
  _PWMSCLA 
SECTION: ".abs_section_e9"
  _PWMSCLB 
SECTION: ".abs_section_fe"
  _PWMSDN 
SECTION: ".abs_section_100"
  _FCLKDIV 
SECTION: ".abs_section_101"
  _FSEC 
SECTION: ".abs_section_103"
  _FCNFG 
SECTION: ".abs_section_104"
  _FPROT 
SECTION: ".abs_section_105"
  _FSTAT 
SECTION: ".abs_section_106"
  _FCMD 
SECTION: ".abs_section_240"
  _PTT 
SECTION: ".abs_section_241"
  _PTIT 
SECTION: ".abs_section_242"
  _DDRT 
SECTION: ".abs_section_243"
  _RDRT 
SECTION: ".abs_section_244"
  _PERT 
SECTION: ".abs_section_245"
  _PPST 
SECTION: ".abs_section_247"
  _MODRR 
SECTION: ".abs_section_248"
  _PTS 
SECTION: ".abs_section_249"
  _PTIS 
SECTION: ".abs_section_24a"
  _DDRS 
SECTION: ".abs_section_24b"
  _RDRS 
SECTION: ".abs_section_24c"
  _PERS 
SECTION: ".abs_section_24d"
  _PPSS 
SECTION: ".abs_section_24e"
  _WOMS 
SECTION: ".abs_section_250"
  _PTM 
SECTION: ".abs_section_251"
  _PTIM 
SECTION: ".abs_section_252"
  _DDRM 
SECTION: ".abs_section_253"
  _RDRM 
SECTION: ".abs_section_254"
  _PERM 
SECTION: ".abs_section_255"
  _PPSM 
SECTION: ".abs_section_256"
  _WOMM 
SECTION: ".abs_section_258"
  _PTP 
SECTION: ".abs_section_259"
  _PTIP 
SECTION: ".abs_section_25a"
  _DDRP 
SECTION: ".abs_section_25b"
  _RDRP 
SECTION: ".abs_section_25c"
  _PERP 
SECTION: ".abs_section_25d"
  _PPSP 
SECTION: ".abs_section_25e"
  _PIEP 
SECTION: ".abs_section_25f"
  _PIFP 
SECTION: ".abs_section_268"
  _PTJ 
SECTION: ".abs_section_269"
  _PTIJ 
SECTION: ".abs_section_26a"
  _DDRJ 
SECTION: ".abs_section_26b"
  _RDRJ 
SECTION: ".abs_section_26c"
  _PERJ 
SECTION: ".abs_section_26d"
  _PPSJ 
SECTION: ".abs_section_26e"
  _PIEJ 
SECTION: ".abs_section_26f"
  _PIFJ 
SECTION: ".abs_section_270"
  _PTAD 
SECTION: ".abs_section_271"
  _PTIAD 
SECTION: ".abs_section_272"
  _DDRAD 
SECTION: ".abs_section_273"
  _RDRAD 
SECTION: ".abs_section_274"
  _PERAD 
SECTION: ".abs_section_275"
  _PPSAD 
SECTION: ".abs_section_0"
  _PORTAB 
SECTION: ".abs_section_2"
  _DDRAB 
SECTION: ".abs_section_1a"
  _PARTID 
SECTION: ".abs_section_22"
  _DBGTB 
SECTION: ".abs_section_26"
  _DBGCC 
SECTION: ".abs_section_2b"
  _DBGCA 
SECTION: ".abs_section_2e"
  _DBGCB 
SECTION: ".abs_section_44"
  _TCNT 
SECTION: ".abs_section_50"
  _TC0 
SECTION: ".abs_section_52"
  _TC1 
SECTION: ".abs_section_54"
  _TC2 
SECTION: ".abs_section_56"
  _TC3 
SECTION: ".abs_section_58"
  _TC4 
SECTION: ".abs_section_5a"
  _TC5 
SECTION: ".abs_section_5c"
  _TC6 
SECTION: ".abs_section_5e"
  _TC7 
SECTION: ".abs_section_62"
  _PACNT 
SECTION: ".abs_section_82"
  _ATDCTL23 
SECTION: ".abs_section_84"
  _ATDCTL45 
SECTION: ".abs_section_90"
  _ATDDR0 
SECTION: ".abs_section_92"
  _ATDDR1 
SECTION: ".abs_section_94"
  _ATDDR2 
SECTION: ".abs_section_96"
  _ATDDR3 
SECTION: ".abs_section_98"
  _ATDDR4 
SECTION: ".abs_section_9a"
  _ATDDR5 
SECTION: ".abs_section_9c"
  _ATDDR6 
SECTION: ".abs_section_9e"
  _ATDDR7 
SECTION: ".abs_section_c8"
  _SCIBD 
SECTION: ".abs_section_ec"
  _PWMCNT01 
SECTION: ".abs_section_ee"
  _PWMCNT23 
SECTION: ".abs_section_f0"
  _PWMCNT45 
SECTION: ".abs_section_f2"
  _PWMPER01 
SECTION: ".abs_section_f4"
  _PWMPER23 
SECTION: ".abs_section_f6"
  _PWMPER45 
SECTION: ".abs_section_f8"
  _PWMDTY01 
SECTION: ".abs_section_fa"
  _PWMDTY23 
SECTION: ".abs_section_fc"
  _PWMDTY45 
SECTION: "RUNTIME"
  _ISHRS _LSHL _LCMP_P _LNEG _LINC _lDivMod _LDIVU _ILSEXT _CASE_DIRECT_BYTE 
  _CASE_CHECKED_BYTE _CASE_SEARCH_8 _CASE_SEARCH_8_BYTE 
SECTION: ".common"
  PCB STACK TimeInMsec CurrentTime watch_flag speed timeOut started 
  scrollPeriod data shiftCounter dataCOPY score gameStartTime timeIntervalNotUp 
  bonusBitCounter timeBuff strBuff buttonVal 
SECTION: ".abs_section_ffd2"
  _Vector_22 
SECTION: ".abs_section_ffde"
  _Vector_16 

*********************************************************************************************
OBJECT LIST SORTED BY ADDRESS
     Name                                      Addr   hSize   dSize     Ref    Section   RLIB
---------------------------------------------------------------------------------------------
     _PORTAB                                      0       2       2       6   .abs_section_0
     _DDRAB                                       2       2       2       1   .abs_section_2
     _PORTE                                       8       1       1       0   .abs_section_8
     _DDRE                                        9       1       1       0   .abs_section_9
     _PEAR                                        A       1       1       0   .abs_section_a
     _MODE                                        B       1       1       0   .abs_section_b
     _PUCR                                        C       1       1       0   .abs_section_c
     _RDRIV                                       D       1       1       0   .abs_section_d
     _EBICTL                                      E       1       1       0   .abs_section_e
     _INITRM                                     10       1       1       0   .abs_section_10
     _INITRG                                     11       1       1       0   .abs_section_11
     _MISC                                       13       1       1       0   .abs_section_13
     _ITCR                                       15       1       1       0   .abs_section_15
     _ITEST                                      16       1       1       0   .abs_section_16
     _VREGCTRL                                   19       1       1       0   .abs_section_19
     _PARTID                                     1A       2       2       0   .abs_section_1a
     _MEMSIZ0                                    1C       1       1       0   .abs_section_1c
     _MEMSIZ1                                    1D       1       1       0   .abs_section_1d
     _INTCR                                      1E       1       1       0   .abs_section_1e
     _HPRIO                                      1F       1       1       0   .abs_section_1f
     _DBGC1                                      20       1       1       0   .abs_section_20
     _DBGSC                                      21       1       1       0   .abs_section_21
     _DBGTB                                      22       2       2       0   .abs_section_22
     _DBGCNT                                     24       1       1       0   .abs_section_24
     _DBGCCX                                     25       1       1       0   .abs_section_25
     _DBGCC                                      26       2       2       0   .abs_section_26
     _DBGC2                                      28       1       1       0   .abs_section_28
     _DBGC3                                      29       1       1       0   .abs_section_29
     _DBGCAX                                     2A       1       1       0   .abs_section_2a
     _DBGCA                                      2B       2       2       0   .abs_section_2b
     _DBGCBX                                     2D       1       1       0   .abs_section_2d
     _DBGCB                                      2E       2       2       0   .abs_section_2e
     _PPAGE                                      30       1       1       0   .abs_section_30
     _SYNR                                       34       1       1       1   .abs_section_34
     _REFDV                                      35       1       1       1   .abs_section_35
     _CRGFLG                                     37       1       1       0   .abs_section_37
     _CRGINT                                     38       1       1       0   .abs_section_38
     _CLKSEL                                     39       1       1       1   .abs_section_39
     _PLLCTL                                     3A       1       1       1   .abs_section_3a
     _RTICTL                                     3B       1       1       0   .abs_section_3b
     _COPCTL                                     3C       1       1       1   .abs_section_3c
     _ARMCOP                                     3F       1       1       2   .abs_section_3f
     _TIOS                                       40       1       1       0   .abs_section_40
     _CFORC                                      41       1       1       0   .abs_section_41
     _OC7M                                       42       1       1       0   .abs_section_42
     _OC7D                                       43       1       1       0   .abs_section_43
     _TCNT                                       44       2       2       0   .abs_section_44
     _TSCR1                                      46       1       1       1   .abs_section_46
     _TTOV                                       47       1       1       0   .abs_section_47
     _TCTL1                                      48       1       1       0   .abs_section_48
     _TCTL2                                      49       1       1       0   .abs_section_49
     _TCTL3                                      4A       1       1       0   .abs_section_4a
     _TCTL4                                      4B       1       1       0   .abs_section_4b
     _TIE                                        4C       1       1       0   .abs_section_4c
     _TSCR2                                      4D       1       1       5   .abs_section_4d
     _TFLG1                                      4E       1       1       0   .abs_section_4e
     _TFLG2                                      4F       1       1       1   .abs_section_4f
     _TC0                                        50       2       2       0   .abs_section_50
     _TC1                                        52       2       2       0   .abs_section_52
     _TC2                                        54       2       2       0   .abs_section_54
     _TC3                                        56       2       2       0   .abs_section_56
     _TC4                                        58       2       2       0   .abs_section_58
     _TC5                                        5A       2       2       0   .abs_section_5a
     _TC6                                        5C       2       2       0   .abs_section_5c
     _TC7                                        5E       2       2       0   .abs_section_5e
     _PACTL                                      60       1       1       0   .abs_section_60
     _PAFLG                                      61       1       1       0   .abs_section_61
     _PACNT                                      62       2       2       0   .abs_section_62
     _ATDCTL23                                   82       2       2       4   .abs_section_82
     _ATDCTL45                                   84       2       2       3   .abs_section_84
     _ATDSTAT0                                   86       1       1       2   .abs_section_86
     _ATDTEST1                                   89       1       1       0   .abs_section_89
     _ATDSTAT1                                   8B       1       1       0   .abs_section_8b
     _ATDDIEN                                    8D       1       1       1   .abs_section_8d
     _PORTAD0                                    8F       1       1       0   .abs_section_8f
     _ATDDR0                                     90       2       2       1   .abs_section_90
     _ATDDR1                                     92       2       2       0   .abs_section_92
     _ATDDR2                                     94       2       2       0   .abs_section_94
     _ATDDR3                                     96       2       2       0   .abs_section_96
     _ATDDR4                                     98       2       2       0   .abs_section_98
     _ATDDR5                                     9A       2       2       0   .abs_section_9a
     _ATDDR6                                     9C       2       2       0   .abs_section_9c
     _ATDDR7                                     9E       2       2       0   .abs_section_9e
     _SCIBD                                      C8       2       2       6   .abs_section_c8
     _SCICR1                                     CA       1       1       1   .abs_section_ca
     _SCICR2                                     CB       1       1       2   .abs_section_cb
     _SCISR1                                     CC       1       1       1   .abs_section_cc
     _SCISR2                                     CD       1       1       0   .abs_section_cd
     _SCIDRH                                     CE       1       1       0   .abs_section_ce
     _SCIDRL                                     CF       1       1       1   .abs_section_cf
     _SPICR1                                     D8       1       1       1   .abs_section_d8
     _SPICR2                                     D9       1       1       1   .abs_section_d9
     _SPIBR                                      DA       1       1       1   .abs_section_da
     _SPISR                                      DB       1       1       1   .abs_section_db
     _SPIDR                                      DD       1       1       1   .abs_section_dd
     _PWME                                       E0       1       1       1   .abs_section_e0
     _PWMPOL                                     E1       1       1       0   .abs_section_e1
     _PWMCLK                                     E2       1       1       0   .abs_section_e2
     _PWMPRCLK                                   E3       1       1       1   .abs_section_e3
     _PWMCAE                                     E4       1       1       1   .abs_section_e4
     _PWMCTL                                     E5       1       1       1   .abs_section_e5
     _PWMSCLA                                    E8       1       1       0   .abs_section_e8
     _PWMSCLB                                    E9       1       1       0   .abs_section_e9
     _PWMCNT01                                   EC       2       2       0   .abs_section_ec
     _PWMCNT23                                   EE       2       2       0   .abs_section_ee
     _PWMCNT45                                   F0       2       2       0   .abs_section_f0
     _PWMPER01                                   F2       2       2       1   .abs_section_f2
     _PWMPER23                                   F4       2       2       0   .abs_section_f4
     _PWMPER45                                   F6       2       2       0   .abs_section_f6
     _PWMDTY01                                   F8       2       2       2   .abs_section_f8
     _PWMDTY23                                   FA       2       2       0   .abs_section_fa
     _PWMDTY45                                   FC       2       2       0   .abs_section_fc
     _PWMSDN                                     FE       1       1       0   .abs_section_fe
     _FCLKDIV                                   100       1       1       0   .abs_section_100
     _FSEC                                      101       1       1       0   .abs_section_101
     _FCNFG                                     103       1       1       0   .abs_section_103
     _FPROT                                     104       1       1       0   .abs_section_104
     _FSTAT                                     105       1       1       0   .abs_section_105
     _FCMD                                      106       1       1       0   .abs_section_106
     _PTT                                       240       1       1       3   .abs_section_240
     _PTIT                                      241       1       1       0   .abs_section_241
     _DDRT                                      242       1       1       1   .abs_section_242
     _RDRT                                      243       1       1       1   .abs_section_243
     _PERT                                      244       1       1       0   .abs_section_244
     _PPST                                      245       1       1       0   .abs_section_245
     _MODRR                                     247       1       1       1   .abs_section_247
     _PTS                                       248       1       1       0   .abs_section_248
     _PTIS                                      249       1       1       0   .abs_section_249
     _DDRS                                      24A       1       1       0   .abs_section_24a
     _RDRS                                      24B       1       1       0   .abs_section_24b
     _PERS                                      24C       1       1       0   .abs_section_24c
     _PPSS                                      24D       1       1       0   .abs_section_24d
     _WOMS                                      24E       1       1       0   .abs_section_24e
     _PTM                                       250       1       1       0   .abs_section_250
     _PTIM                                      251       1       1       0   .abs_section_251
     _DDRM                                      252       1       1       0   .abs_section_252
     _RDRM                                      253       1       1       0   .abs_section_253
     _PERM                                      254       1       1       0   .abs_section_254
     _PPSM                                      255       1       1       0   .abs_section_255
     _WOMM                                      256       1       1       0   .abs_section_256
     _PTP                                       258       1       1       1   .abs_section_258
     _PTIP                                      259       1       1       0   .abs_section_259
     _DDRP                                      25A       1       1       1   .abs_section_25a
     _RDRP                                      25B       1       1       0   .abs_section_25b
     _PERP                                      25C       1       1       0   .abs_section_25c
     _PPSP                                      25D       1       1       0   .abs_section_25d
     _PIEP                                      25E       1       1       0   .abs_section_25e
     _PIFP                                      25F       1       1       0   .abs_section_25f
     _PTJ                                       268       1       1       0   .abs_section_268
     _PTIJ                                      269       1       1       0   .abs_section_269
     _DDRJ                                      26A       1       1       0   .abs_section_26a
     _RDRJ                                      26B       1       1       0   .abs_section_26b
     _PERJ                                      26C       1       1       0   .abs_section_26c
     _PPSJ                                      26D       1       1       0   .abs_section_26d
     _PIEJ                                      26E       1       1       0   .abs_section_26e
     _PIFJ                                      26F       1       1       0   .abs_section_26f
     _PTAD                                      270       1       1       0   .abs_section_270
     _PTIAD                                     271       1       1       0   .abs_section_271
     _DDRAD                                     272       1       1       1   .abs_section_272
     _RDRAD                                     273       1       1       0   .abs_section_273
     _PERAD                                     274       1       1       0   .abs_section_274
     _PPSAD                                     275       1       1       0   .abs_section_275
     CurrentTask                                500       1       1       6   .data       
     pbuf                                       501       6       6      15   .bss        
     bonus                                      507       1       1       3   .bss        
     SPtemp.7                                   508       2       2       2   .bss        
     SPtemp.8                                   50A       2       2       6   .bss        
     i.9                                        50C       1       1       3   .bss        
     StackIdx.10                                50D       2       2      11   .bss        
     PCB                                        50F      54      84      83   .common     
     STACK                                      563     600    1536       7   .common     
     TimeInMsec                                 B63       4       4      15   .common     
     CurrentTime                                B67       4       4       8   .common     
     watch_flag                                 B6B       2       2       4   .common     
     speed                                      B6D       1       1       3   .common     
     timeOut                                    B6E       1       1       4   .common     
     started                                    B6F       1       1       3   .common     
     scrollPeriod                               B70       2       2       4   .common     
     data                                       B72       4       4      21   .common     
     shiftCounter                               B76       2       2       5   .common     
     dataCOPY                                   B78       4       4       4   .common     
     score                                      B7C       2       2       7   .common     
     gameStartTime                              B7E       4       4       5   .common     
     timeIntervalNotUp                          B82       1       1       3   .common     
     bonusBitCounter                            B83       1       1       4   .common     
     timeBuff                                   B84      11      17       3   .common     
     strBuff                                    B95      11      17       6   .common     
     buttonVal                                  BA6       1       1       3   .common     
     Init                                      C000      29      41       1   .init       
     _Startup                                  C029       8       8       0   .init       
     pow10                                     C03B      28      40       4   .rodata     
     pow16                                     C063      20      32       4   .rodata     
     pow8                                      C083      2C      44       4   .rodata     
     STRING.Time.Out.1                         C0AF       9       9       1   .rodata1    
     STRING.T..d.2                             C0B8       5       5       1   .rodata1    
     STRING.SP.0x.01X.3                        C0BD       A      10       1   .rodata1    
     STRING.PWM.0x.01X.4                       C0C7       B      11       1   .rodata1    
     STRING.S..d.5                             C0D2       5       5       1   .rodata1    
     STRING.S..d.6                             C0D7       5       5       1   .rodata1    
     vprintf                                   C0DC     478    1144      49   .text       
     _out                                      C554       C      12       9   .text       
     deposit_char                              C560       F      15       1   .text       
     sprintf                                   C56F      29      41       6   .text       
     lcdWriteLine                              C598      42      66       2   .text       
     lcdSetup                                  C5DA      4B      75       1   .text       
     lcdSetDataAddr                            C625       D      13       1   .text       
     lcdWriteData                              C632      4F      79       1   .text       
     lcdCommand                                C681      45      69       3   .text       
     lcdNibbleWrite                            C6C6      27      39       3   .text       
     spiWrite                                  C6ED       9       9       6   .text       
     spiSetup                                  C6F6       C      12       1   .text       
     sleepMS                                   C702      31      49       3   .text       
     sleepMSTenth                              C733      23      35       8   .text       
     clockSetup                                C756      20      32       1   .text       
     Task0                                     C776      71     113       1   .text       
     Task1                                     C7E7      5E      94       1   .text       
     Task2                                     C845      76     118       1   .text       
     Task3                                     C8BB       6       6       1   .text       
     Task4                                     C8C1     153     339       8   .text       
     Taskw                                     CA14      11      17       1   .text       
     Alive                                     CA25      10      16       3   .text       
     kick                                      CA35       8       8       3   .text       
     clearStrBuff                              CA3D      1B      27       1   .text       
     InitPCB                                   CA58      95     149       1   .text       
     TimeNow                                   CAED      17      23       3   .text       
     main                                      CB04      89     137       1   .text       
     ATDInterrupt                              CB8D      37      55       1   .text       
     TimerHandler                              CBC4     10C     268       2   .text       
     AddrHi                                    CCD0       5       5       2   .text       
     AddrLo                                    CCD5       5       5       2   .text       
     TaskTerminate                             CCDA       E      14       2   .text       
     CreateLaunchStack                         CCE8      AB     171       2   .text       
     serialSetup                               CD93      50      80       1   .text       
     doSerialComm                              CDE3      65     101       1   .text       
     _ISHRS                                    CE48       C      12       1   RUNTIME     
     _LSHL                                     CE54      11      17       1   RUNTIME     
     _LCMP_P                                   CE65      15      21       4   RUNTIME     
     _LNEG                                     CE7A       D      13       1   RUNTIME     
     _LINC                                     CE87       5       5       1   RUNTIME     
     _lDivMod                                  CE8C      BE     190       1   RUNTIME     
     _LDIVU                                    CF4A       E      14       1   RUNTIME     
     _ILSEXT                                   CF58       7       7       3   RUNTIME     
     _CASE_DIRECT_BYTE                         CF5F       5       5       1   RUNTIME     
     _CASE_CHECKED_BYTE                        CF64      14      20       1   RUNTIME     
     _CASE_SEARCH_8                            CF78      17      23       1   RUNTIME     
     _CASE_SEARCH_8_BYTE                       CF8F      1A      26       1   RUNTIME     
     _Vector_22                                FFD2       2       2       0   .abs_section_ffd2
     _Vector_16                                FFDE       2       2       0   .abs_section_ffde

*********************************************************************************************
UNUSED-OBJECTS SECTION
---------------------------------------------------------------------------------------------
NOT USED PROCEDURES
PRINTF.C.o (ansisi.lib):
  set_printf vsprintf 
rtshc12.c.o (ansisi.lib):
  _BSHL _BSHRS _BSHRU _BDIVMODU _BDIVMODS _ISHL _ISHRU _LSHRU _LSHRS _LADD 
  _LSUB _LAND _LOR _LXOR _LCMP _LCMP_PP _LCOM _LDEC _LMUL _LMULU16x32 
  _LMULS16x32 _NEG_P _LDIVS _LMODU _LMODS _COPY _CASE_DIRECT _CASE_CHECKED 
  _CASE_SEARCH _CASE_SEARCH_BYTE _FCALL _FPCMP 
lcd_lib.c.o:
  lcdSimpleWrite 
main0.c.o:
  WasteMsec 
NOT USED VARIABLES
rtshc12.c.o (ansisi.lib):
  _PowOfTwo_8 _PowOfTwo_16 _PowOfTwo_32 errno 

*********************************************************************************************
COPYDOWN SECTION
---------------------------------------------------------------------------------------------
------- ROM-ADDRESS: 0xCFA9 ---- SIZE       4 ---
Filling bytes inserted
 00010500
------- ROM-ADDRESS: 0xCFAD ---- RAM-ADDRESS: 0x500 ---- SIZE       1 ---
Name of initialized Object : CurrentTask
 06
------- ROM-ADDRESS: 0xCFAE ---- SIZE       2 ---
Filling bytes inserted
 0000

*********************************************************************************************
OBJECT-DEPENDENCIES SECTION
---------------------------------------------------------------------------------------------
Init                      USES _startupData 
_Startup                  USES __SEG_END_SSTACK Init main 
vprintf                   USES vprintf _out _CASE_SEARCH_8_BYTE 
                                _CASE_DIRECT_BYTE _CASE_SEARCH_8 pbuf _ILSEXT _LNEG pow8 _LCMP_P 
                                pow16 pow10 
_out                      USES pbuf 
deposit_char              USES pbuf 
sprintf                   USES pbuf deposit_char vprintf 
lcdWriteLine              USES lcdSetDataAddr lcdWriteData 
lcdSetup                  USES spiSetup lcdNibbleWrite sleepMS lcdCommand 
                                sleepMSTenth 
lcdSetDataAddr            USES lcdCommand sleepMSTenth 
lcdWriteData              USES spiWrite sleepMSTenth 
lcdCommand                USES spiWrite sleepMSTenth 
lcdNibbleWrite            USES spiWrite sleepMSTenth 
spiWrite                  USES _SPISR _SPIDR 
spiSetup                  USES _SPICR1 _SPICR2 _SPIBR 
sleepMS                   USES _LINC 
sleepMSTenth              USES _LCMP_P 
clockSetup                USES _PLLCTL _SYNR _REFDV _CLKSEL 
Task0                     USES TimeNow PCB CreateLaunchStack Alive 
Task1                     USES shiftCounter data dataCOPY _LSHL 
                                timeIntervalNotUp _PTT Alive 
Task2                     USES TimeNow gameStartTime timeOut STRING.Time.Out.1 
                                timeBuff sprintf _LDIVU STRING.T..d.2 lcdWriteLine 
                                Alive 
Task3                     USES bonus 
Task4                     USES started _TSCR2 scrollPeriod PCB score 
                                bonusBitCounter speed timeOut _ATDCTL23 _ATDCTL45 _PORTAB 
                                Task4 STRING.SP.0x.01X.3 strBuff sprintf 
                                STRING.PWM.0x.01X.4 kick _ISHRS _PWMDTY01 TimeNow gameStartTime 
                                data _PTT STRING.S..d.5 buttonVal timeIntervalNotUp 
                                bonus STRING.S..d.6 lcdWriteLine clearStrBuff 
Taskw                     USES watch_flag kick 
Alive                     USES watch_flag 
kick                      USES _ARMCOP 
InitPCB                   USES Task0 PCB Task1 Task2 Task3 Taskw Task4 
TimeNow                   USES TimeInMsec 
main                      USES clockSetup lcdSetup _DDRP _MODRR _DDRT _RDRT 
                                _PTP _PTT _PWME _PWMPRCLK _PWMCTL _PWMCAE _PWMPER01 
                                _PWMDTY01 _ATDDIEN _DDRAD _ATDCTL23 _ATDCTL45 _DDRAB 
                                serialSetup _TSCR1 _TSCR2 _COPCTL data doSerialComm 
                                dataCOPY shiftCounter started InitPCB SPtemp.7 PCB 
ATDInterrupt              USES _ATDSTAT0 _ATDDR0 speed scrollPeriod _ILSEXT 
                                PCB 
TimerHandler              USES _TFLG2 CurrentTime TimeInMsec SPtemp.8 
                                CurrentTask PCB TimerHandler CreateLaunchStack started i.9 
TaskTerminate             USES CurrentTask PCB 
CreateLaunchStack         USES StackIdx.10 TaskTerminate AddrLo STACK AddrHi 
                                PCB 
serialSetup               USES _CASE_CHECKED_BYTE _SCIBD _SCICR1 _SCICR2 
doSerialComm              USES _SCICR2 _SCISR1 _SCIDRL data 
_LDIVU                    USES _lDivMod 
_Vector_22                USES ATDInterrupt 
_Vector_16                USES TimerHandler 

*********************************************************************************************
DEPENDENCY TREE
*********************************************************************************************
 main and _Startup Group
 | 
 +- main                
 |  | 
 |  +- clockSetup          
 |  |    
 |  +- lcdSetup            
 |  |  | 
 |  |  +- spiSetup            
 |  |  |    
 |  |  +- lcdNibbleWrite      
 |  |  |  | 
 |  |  |  +- spiWrite            
 |  |  |  |    
 |  |  |  +- sleepMSTenth        
 |  |  |     | 
 |  |  |     +- _LCMP_P             
 |  |  |          
 |  |  +- sleepMS             
 |  |  |  | 
 |  |  |  +- _LINC               
 |  |  |       
 |  |  +- lcdCommand          
 |  |  |  | 
 |  |  |  +- spiWrite             (see above)
 |  |  |  |  
 |  |  |  +- sleepMSTenth         (see above)
 |  |  |     
 |  |  +- sleepMSTenth         (see above)
 |  |     
 |  +- serialSetup         
 |  |  | 
 |  |  +- _CASE_CHECKED_BYTE  
 |  |       
 |  +- doSerialComm        
 |  |    
 |  +- InitPCB             
 |     | 
 |     +- Task0               
 |     |  | 
 |     |  +- TimeNow             
 |     |  |    
 |     |  +- CreateLaunchStack   
 |     |  |  | 
 |     |  |  +- TaskTerminate       
 |     |  |  |    
 |     |  |  +- AddrLo              
 |     |  |  |    
 |     |  |  +- AddrHi              
 |     |  |       
 |     |  +- Alive               
 |     |       
 |     +- Task1               
 |     |  | 
 |     |  +- _LSHL               
 |     |  |    
 |     |  +- Alive                (see above)
 |     |     
 |     +- Task2               
 |     |  | 
 |     |  +- TimeNow              (see above)
 |     |  |  
 |     |  +- sprintf             
 |     |  |  | 
 |     |  |  +- deposit_char        
 |     |  |  |    
 |     |  |  +- vprintf             
 |     |  |     | 
 |     |  |     +- _out                
 |     |  |     |    
 |     |  |     +- _CASE_SEARCH_8_BYTE 
 |     |  |     |    
 |     |  |     +- _CASE_DIRECT_BYTE   
 |     |  |     |    
 |     |  |     +- _CASE_SEARCH_8      
 |     |  |     |    
 |     |  |     +- _ILSEXT             
 |     |  |     |    
 |     |  |     +- _LNEG               
 |     |  |     |    
 |     |  |     +- _LCMP_P              (see above)
 |     |  |        
 |     |  +- _LDIVU              
 |     |  |  | 
 |     |  |  +- _lDivMod            
 |     |  |       
 |     |  +- lcdWriteLine        
 |     |  |  | 
 |     |  |  +- lcdSetDataAddr      
 |     |  |  |  | 
 |     |  |  |  +- lcdCommand           (see above)
 |     |  |  |  |  
 |     |  |  |  +- sleepMSTenth         (see above)
 |     |  |  |     
 |     |  |  +- lcdWriteData        
 |     |  |     | 
 |     |  |     +- spiWrite             (see above)
 |     |  |     |  
 |     |  |     +- sleepMSTenth         (see above)
 |     |  |        
 |     |  +- Alive                (see above)
 |     |     
 |     +- Task3               
 |     |    
 |     +- Taskw               
 |     |  | 
 |     |  +- kick                
 |     |       
 |     +- Task4               
 |        | 
 |        +- sprintf              (see above)
 |        |  
 |        +- kick                 (see above)
 |        |  
 |        +- _ISHRS              
 |        |    
 |        +- TimeNow              (see above)
 |        |  
 |        +- lcdWriteLine         (see above)
 |        |  
 |        +- clearStrBuff        
 |             
 +- _Startup            
    | 
    +- Init                
    |    
    +- main                 (see above)
       
 _Vector_22          
 | 
 +- ATDInterrupt        
    | 
    +- _ILSEXT              (see above)
       
 _Vector_16          
 | 
 +- TimerHandler        
    | 
    +- CreateLaunchStack    (see above)
       
*********************************************************************************************
STATISTIC SECTION
---------------------------------------------------------------------------------------------

ExeFile:
--------
Number of blocks to be downloaded: 8
Total size of all blocks to be downloaded: 4022

